// Jest Snapshot v1, https://goo.gl/fbAQLP

exports[`Footer components <Footer /> Footer renders correctly 1`] = `
.c0 {
  min-height: 4.5em;
  padding: 2em 4.5em;
  display: flex;
  justify-content: space-between;
}

.c2 {
  display: flex;
  gap: 2em;
}

.c1 {
  color: black;
  font-size: 0.75rem;
  text-transform: capitalize;
}

.c3 {
  text-decoration: underline;
}

@media (max-width: 1280px) {
  .c0 {
    padding: 2em 3.5em;
  }
}

@media (max-width: 768px) {
  .c0 {
    padding: 2em 2em;
  }
}

@media (max-width: 1280px) {
  .c2 {
    gap: 1.5em;
  }
}

@media (max-width: 768px) {
  .c2 {
    gap: 0.5em;
  }
}

<footer
  class="c0"
>
  <a
    class="c1"
  >
    Â© 2023 all rights reserved UDA CONNECT (TBD)
  </a>
  <footer
    class="c2"
  >
    <a
      class="c1 c3"
    >
      Privacy Policy
    </a>
    <a
      class="c1 c3"
      data-cy="ingenium"
      href="https://ingenium-eu.education/"
    >
      Ingenium University
    </a>
    <a
      class="c1 c3"
      data-cy="bi4e"
      href="https://boosting-ingenium.com/"
    >
      BI4E
    </a>
  </footer>
</footer>
`;
