// Jest Snapshot v1, https://goo.gl/fbAQLP

exports[`SearchTips components <SearchTips /> SearchTips renders correctly 1`] = `
.c1 {
  color: #1C1C1C;
  margin: 0;
  text-transform: none;
}

.c5 {
  font-size: 16px;
  font-weight: 400;
}

.c2 {
  font-size: 16px;
  font-weight: 700;
}

.c0 {
  display: flex;
  flex-direction: column;
  gap: 2em;
  max-width: 53em;
  background-color: #f5f5f5;
  padding: 4em 2em;
}

.c0 p {
  align-self: center;
}

.c3 {
  display: flex;
  gap: 2em;
}

.c4 {
  display: flex;
  gap: 0.5em;
  align-items: start;
}

.c4 svg {
  flex-shrink: 0;
}

.c6 {
  display: inline;
  font-size: 16px;
  font-weight: 700;
}

@media (max-width: 1280px) {
  .c0 {
    max-width: 46em;
  }
}

@media (max-width: 768px) {
  .c0 {
    max-width: 37.5em;
  }
}

<div
  class="c0"
>
  <p
    class="c1 c2"
  >
    Search tips to get the best research team suggestion
  </p>
  <div
    class="c3"
  >
    <div
      class="c4"
    >
      <svg
        fill="none"
        height="49"
        width="49"
        xmlns="http://www.w3.org/2000/svg"
      >
        <title>
          paper
        </title>
        <g>
          <path
            d="M32.6673 2.04163H8.16732c-2.24584 0-4.08334 1.8375-4.08334 4.08333V34.7083h4.08334V6.12496H32.6673V2.04163Zm-2.0416 8.16667H16.334c-2.2458 0-4.0629 1.8375-4.0629 4.0833l-.0204 28.5834c0 2.2458 1.817 4.0833 4.0629 4.0833h22.4787c2.2459 0 4.0834-1.8375 4.0834-4.0833V22.4583l-12.25-12.25ZM16.334 42.875V14.2916h12.25V24.5h10.2083v18.375H16.334Z"
            fill="#000"
          />
        </g>
      </svg>
      <p
        class="c1 c5"
      >
        <span
          class="c6"
        >
          Start from the the research call
        </span>
        <br />
         If you are working or will have to work on a research paper for a call, you might report in the search field the title or objectives of that
      </p>
    </div>
    <div
      class="c4"
    >
      <svg
        fill="none"
        height="51"
        width="49"
        xmlns="http://www.w3.org/2000/svg"
      >
        <title>
          target
        </title>
        <path
          d="M24.4993 16.9969c-4.512 0-8.1666 3.803-8.1666 8.4984s3.6546 8.4985 8.1666 8.4985c4.5121 0 8.1667-3.8031 8.1667-8.4985 0-4.6954-3.6546-8.4984-8.1667-8.4984Zm18.2525 6.3738c-.9391-8.8596-7.697-15.89205-16.2108-16.86937V4.24924c0-1.16853-.9187-2.12461-2.0417-2.12461-1.1229 0-2.0416.95608-2.0416 2.12461v2.25209C13.9439 7.47865 7.18602 14.5111 6.24685 23.3707H4.08268c-1.12291 0-2.04166.9561-2.04166 2.1246 0 1.1686.91875 2.1246 2.04166 2.1246h2.16417c.93917 8.8597 7.69705 15.8921 16.21085 16.8694v2.2521c0 1.1686.9187 2.1246 2.0416 2.1246 1.123 0 2.0417-.956 2.0417-2.1246v-2.2521c8.5138-.9773 15.2717-8.0097 16.2108-16.8694h2.1642c1.1229 0 2.0417-.956 2.0417-2.1246 0-1.1685-.9188-2.1246-2.0417-2.1246h-2.1642ZM24.4993 40.3676c-7.9012 0-14.2916-6.65-14.2916-14.8723 0-8.2222 6.3904-14.8722 14.2916-14.8722 7.9013 0 14.2917 6.65 14.2917 14.8722 0 8.2223-6.3904 14.8723-14.2917 14.8723Z"
          fill="#000"
        />
      </svg>
      <p
        class="c1 c5"
      >
        <span
          class="c6"
        >
          More detail for greater match
        </span>
        <br />
         Enter as much information, don't limit yourself to a single word, that way we can narrow it down and suggest the researchers best suited to your need
      </p>
    </div>
  </div>
</div>
`;
