// Jest Snapshot v1, https://goo.gl/fbAQLP

exports[`Navbar component Navbar renders correctly 1`] = `
.c2 {
  color: #1C1C1C;
  margin: 0;
  text-transform: none;
}

.c3 {
  font-size: 16px;
  font-weight: 400;
}

.c4 {
  text-transform: uppercase;
  font-weight: 600;
  line-height: normal;
  color: white;
}

.c1 {
  all: unset;
  display: flex;
  justify-content: center;
  align-content: center;
  border-radius: 10px;
  cursor: pointer;
  width: fit-content;
  outline: none;
  padding: 0.75em 1em;
  gap: 1em;
  transition: 0.3s background-color ease-in-out;
  background-color: #CE2F7C;
}

.c1:disabled {
  cursor: not-allowed;
  opacity: 0.4;
}

.c0 {
  width: 100%;
  background-color: #2B2D42;
  display: flex;
  flex-direction: row;
  align-items: center;
  justify-content: space-between;
  padding: 2em 3em;
  border-bottom: 1px solid #c9d2ec;
}

.c0 div {
  margin: 0 auto;
}

@media (max-width: 768px) {
  .c0 div {
    display: none;
  }
}

<nav
  class="c0"
>
  <a
    href="/"
  >
    <svg
      fill="none"
      height="61"
      width="202"
      xmlns="http://www.w3.org/2000/svg"
    >
      <title>
        BI4E
      </title>
      <path
        d="M29.064 2.692H5.984v23.686C8.838 13.811 16.44 5.894 29.065 2.692Z"
        fill="#009ADE"
      />
      <path
        d="M5.983 35.228v23.377h23.589C16.657 55.55 8.865 48.154 5.983 35.228Z"
        fill="#ABC511"
      />
      <path
        d="M34.57 52.69c-1.083-5.825-3.49-10.66-7.56-14.601-4.056-3.93-8.96-6.315-14.874-7.275C24.533 28.17 31.942 20.965 34.669 8.73c.973 5.922 3.47 10.708 7.526 14.68 4.057 3.97 8.998 6.304 14.882 7.307C44.725 33.29 37.342 40.43 34.569 52.69Z"
        fill="#fff"
      />
      <path
        d="M63.16 34.999v23.605H39.604C52.52 55.552 60.275 47.927 63.159 35Z"
        fill="#DF057E"
      />
      <path
        d="M40.076 2.692h23.083v23.593C60.306 13.718 52.698 5.895 40.076 2.692Z"
        fill="#0C927A"
      />
      <path
        d="M74.451 57.58c0 .759-.515 1.192-1.545 1.192H71.04v-4.503h1.748c.897 0 1.444.404 1.444 1.151 0 .535-.282.882-.702 1.03.594.12.922.508.922 1.132v-.001Zm-3.107-3.03v1.794h1.43c.724 0 1.144-.302 1.144-.9 0-.598-.42-.893-1.144-.893h-1.43Zm2.801 3.004c0-.642-.436-.926-1.239-.926h-1.562v1.858h1.562c.803 0 1.24-.283 1.24-.932ZM75.214 56.52c0-1.307.927-2.285 2.18-2.285 1.251 0 2.178.971 2.178 2.284 0 1.314-.934 2.283-2.179 2.283-1.245 0-2.18-.978-2.18-2.283Zm4.047 0c0-1.14-.802-1.983-1.868-1.983-1.065 0-1.873.843-1.873 1.982 0 1.14.802 1.981 1.873 1.981s1.868-.841 1.868-1.98ZM80.336 56.52c0-1.307.928-2.285 2.18-2.285 1.252 0 2.18.971 2.18 2.284 0 1.314-.936 2.283-2.18 2.283-1.245 0-2.18-.978-2.18-2.283Zm4.047 0c0-1.14-.802-1.983-1.867-1.983-1.066 0-1.874.843-1.874 1.982 0 1.14.803 1.981 1.874 1.981 1.07 0 1.867-.841 1.867-1.98ZM85.376 58.191l.138-.243c.288.321.821.565 1.383.565.84 0 1.21-.392 1.21-.88 0-1.352-2.617-.542-2.617-2.2 0-.636.456-1.196 1.484-1.196.46 0 .94.154 1.263.404l-.114.265a1.98 1.98 0 0 0-1.149-.38c-.814 0-1.18.405-1.18.9 0 1.35 2.617.554 2.617 2.187 0 .637-.472 1.19-1.508 1.19-.623 0-1.22-.25-1.527-.61v-.002ZM90.423 54.563h-1.508v-.296h3.324v.296h-1.51v4.207h-.304v-4.207h-.002ZM93.05 54.267h.307v4.503h-.306v-4.503ZM98.203 54.267v4.503h-.252l-2.855-3.912v3.912h-.306v-4.503h.258l2.85 3.912v-3.912h.305ZM102.703 56.537h.294v1.685c-.377.385-.922.579-1.496.579-1.263 0-2.19-.971-2.19-2.283 0-1.312.927-2.284 2.197-2.284.604 0 1.136.206 1.508.617l-.192.219c-.366-.386-.803-.535-1.312-.535-1.09 0-1.897.85-1.897 1.983 0 1.132.807 1.98 1.897 1.98.443 0 .849-.115 1.191-.41v-1.55ZM105.822 54.267h.306v4.503h-.306v-4.503ZM110.975 54.267v4.503h-.252l-2.855-3.912v3.912h-.306v-4.503h.257l2.85 3.912v-3.912h.306ZM115.476 56.537h.294v1.685c-.377.385-.922.579-1.496.579-1.263 0-2.191-.971-2.191-2.283 0-1.312.928-2.284 2.198-2.284.604 0 1.136.206 1.508.617l-.192.219c-.366-.386-.803-.535-1.312-.535-1.09 0-1.898.85-1.898 1.983 0 1.132.808 1.98 1.898 1.98.443 0 .849-.115 1.191-.41v-1.55ZM119.987 58.474v.296h-2.892v-4.503h2.802v.296h-2.496v1.775h2.233v.29h-2.233v1.846h2.586ZM124.408 54.267v4.503h-.252l-2.855-3.912v3.912h-.306v-4.503h.258l2.849 3.912v-3.912h.306ZM125.849 54.267h.305v4.503h-.305v-4.503ZM127.563 56.859v-2.592h.304v2.58c0 1.125.504 1.652 1.377 1.652.874 0 1.372-.527 1.372-1.653v-2.579h.304v2.592c0 1.286-.64 1.942-1.683 1.942-1.042 0-1.675-.656-1.675-1.942h.001ZM136.296 58.77l-.006-3.853-1.754 3.255h-.149l-1.754-3.243v3.841h-.299v-4.503h.257l1.874 3.48 1.873-3.48h.252l.007 4.503h-.301ZM139.845 54.563v1.923h2.234v.296h-2.234v1.988h-.305v-4.503h2.802v.296h-2.497ZM142.937 56.52c0-1.307.927-2.285 2.179-2.285 1.252 0 2.179.971 2.179 2.284 0 1.314-.934 2.283-2.179 2.283-1.245 0-2.179-.978-2.179-2.283Zm4.047 0c0-1.14-.803-1.983-1.868-1.983-1.066 0-1.874.843-1.874 1.982 0 1.14.803 1.981 1.874 1.981 1.071 0 1.868-.841 1.868-1.98ZM151.312 58.77l-1-1.505c-.132.02-.263.032-.406.032h-1.197v1.473h-.306v-4.503h1.503c1.054 0 1.688.566 1.688 1.518 0 .713-.36 1.209-.981 1.409l1.047 1.576h-.348Zm-1.406-1.763c.897 0 1.377-.45 1.377-1.22 0-.771-.48-1.224-1.377-1.224h-1.197v2.444h1.197ZM157.089 58.474v.296h-2.892v-4.503H157v.296h-2.497v1.775h2.234v.29h-2.234v1.846h2.586ZM161.007 58.77l-1.443-2.084-1.436 2.084h-.359l1.61-2.322-1.496-2.18h.358l1.336 1.935 1.334-1.936h.342l-1.497 2.174 1.611 2.33h-.36ZM161.735 56.52c0-1.314.928-2.285 2.174-2.285.592 0 1.125.206 1.491.625l-.192.211c-.359-.38-.797-.534-1.288-.534-1.072 0-1.88.85-1.88 1.982 0 1.133.808 1.981 1.88 1.981.491 0 .928-.16 1.288-.54l.192.213c-.366.418-.898.63-1.491.63-1.245 0-2.174-.97-2.174-2.282v-.002ZM169.297 58.474v.296h-2.892v-4.503h2.803v.296h-2.497v1.775h2.233v.29h-2.233v1.846h2.586ZM170.307 54.267h.306v4.207h2.413v.296h-2.719v-4.503ZM173.856 54.267h.306v4.207h2.413v.296h-2.719v-4.503ZM180.298 58.474v.296h-2.892v-4.503h2.802v.296h-2.496v1.775h2.233v.29h-2.233v1.846h2.586ZM184.72 54.267v4.503h-.252l-2.855-3.912v3.912h-.305v-4.503h.257l2.849 3.912v-3.912h.306ZM185.826 56.52c0-1.314.927-2.285 2.173-2.285.592 0 1.126.206 1.491.625l-.192.211c-.358-.38-.797-.534-1.287-.534-1.073 0-1.881.85-1.881 1.982 0 1.133.808 1.981 1.881 1.981.49 0 .927-.16 1.287-.54l.192.213c-.365.418-.897.63-1.491.63-1.244 0-2.173-.97-2.173-2.282v-.002ZM193.388 58.474v.296h-2.892v-4.503h2.802v.296h-2.496v1.775h2.233v.29h-2.233v1.846h2.586ZM98.84 24.643c4.086 2.083 6.651 6.252 6.651 11.34 0 7.552-6.064 13.272-14.07 13.272H71.43V2.645h19.59c7.691 0 13.303 5.043 13.303 11.93 0 4.164-2.171 7.91-5.484 10.068Zm-5.859-7.942c0-2.419-1.542-4.057-4.041-4.057H82.9v8.115h6.039c2.5 0 4.041-1.638 4.041-4.058Zm.69 17.755c0-2.475-1.691-4.22-4.279-4.22h-6.491v8.477h6.491c2.588 0 4.279-1.743 4.279-4.258v.001ZM110.989 2.644h12.107v46.61h-12.107V2.644ZM160.506 41.3h-3.723v7.955h-10.588v-7.956h-19.78v-2.166l13.2-34.158h10.942l-10.205 26.401h6.589l2.417-9.751h7.424v9.751h3.723v9.922l.001.001ZM193.388 38.116v11.138h-28.277V2.644h27.752v11.1h-15.855v6.861h14.245v10.532h-14.245v6.978h16.38v.001Z"
        fill="#fff"
      />
    </svg>
  </a>
  <a
    href="/"
  >
    <button
      class="c1"
    >
      <svg
        height="24"
        width="24"
        xmlns="http://www.w3.org/2000/svg"
      >
        <title>
          back
        </title>
        <defs>
          <style />
        </defs>
        <g
          id="_21.search"
        >
          <circle
            cx="9"
            cy="9"
            r="7"
            style="fill: none; stroke: white; stroke-width: 2px;"
          />
          <path
            d="m14 14 8 8"
            style="fill: none; stroke: white; stroke-width: 2px;"
          />
        </g>
      </svg>
      <span
        class="c2 c3 c4"
      >
        make a new search
      </span>
    </button>
  </a>
</nav>
`;
