// Jest Snapshot v1, https://goo.gl/fbAQLP

exports[`Layout components <Layout /> Primary layout renders correctly 1`] = `
<h1>
  Lorem Ipsum
</h1>
`;
