// Jest Snapshot v1, https://goo.gl/fbAQLP

exports[`No search results placeholder component Placeholder renders correctly 1`] = `
.c4 {
  color: #2B2D42;
  margin: 0;
  text-transform: none;
}

.c5 {
  font-size: 32px;
  font-weight: 700;
}

.c7 {
  color: #1C1C1C;
  margin: 0;
  text-transform: none;
}

.c8 {
  font-size: 16px;
  font-weight: 400;
}

.c9 {
  text-transform: uppercase;
  font-weight: 600;
  line-height: normal;
  color: white;
}

.c6 {
  all: unset;
  display: flex;
  justify-content: center;
  align-content: center;
  border-radius: 10px;
  cursor: pointer;
  width: fit-content;
  outline: none;
  padding: 0.75em 1em;
  gap: 1em;
  transition: 0.3s background-color ease-in-out;
  background-color: #CE2F7C;
}

.c6:disabled {
  cursor: not-allowed;
  opacity: 0.4;
}

.c10 {
  display: flex;
  gap: 2em;
  max-width: 67em;
  margin: 4em 0;
}

.c11 {
  display: flex;
  gap: 0.5em;
  padding: 1.5em;
  align-items: start;
  border: 1px solid #7a83ab;
  border-radius: 1.25em;
}

.c11 svg {
  flex-shrink: 0;
}

.c12 {
  line-height: 1.5;
  color: #242424;
}

.c13 {
  display: inline-block;
  color: #2B2D42;
  margin-bottom: 0.5em;
  font-weight: 600;
  line-height: 1.5;
}

.c1 {
  gap: 1em;
  font-size: 0.875rem;
  color: white;
}

.c2 {
  margin-left: 0.5em;
  font-weight: 700;
}

.c3 {
  display: flex;
  flex-direction: column;
  align-items: center;
  width: 100%;
  gap: 2em;
  padding: 4em;
  border-radius: 20px;
  background-color: white;
}

.c0 {
  width: 100%;
  padding: 4em;
  display: flex;
  flex-direction: column;
  justify-content: start;
  gap: 1em;
  background-color: #2B2D42;
}

@media (max-width: 1280px) {
  .c10 {
    max-width: 46em;
  }
}

@media (max-width: 768px) {
  .c10 {
    max-width: 37.5em;
  }
}

<section
  class="c0"
>
  <span
    class="c1"
  >
    <svg
      fill="none"
      height="14"
      width="26"
      xmlns="http://www.w3.org/2000/svg"
    >
      <title>
        group
      </title>
      <path
        d="M4.333 8.083A2.173 2.173 0 0 0 6.5 5.917 2.173 2.173 0 0 0 4.333 3.75a2.173 2.173 0 0 0-2.166 2.167c0 1.191.975 2.166 2.166 2.166Zm1.224 1.192a7.565 7.565 0 0 0-1.224-.108 7.53 7.53 0 0 0-3.011.628A2.178 2.178 0 0 0 0 11.799V13.5h4.875v-1.744c0-.9.25-1.744.683-2.481Zm16.11-1.192a2.173 2.173 0 0 0 2.166-2.166 2.173 2.173 0 0 0-2.166-2.167A2.173 2.173 0 0 0 19.5 5.917c0 1.191.975 2.166 2.167 2.166ZM26 11.8c0-.877-.52-1.657-1.322-2.004a7.53 7.53 0 0 0-3.011-.628c-.423 0-.824.043-1.225.108.434.737.683 1.582.683 2.48V13.5H26v-1.7Zm-8.407-3.011A11.313 11.313 0 0 0 13 7.811c-1.766 0-3.326.423-4.593.975A3.237 3.237 0 0 0 6.5 11.756V13.5h13v-1.744a3.237 3.237 0 0 0-1.907-2.969Zm-8.85 2.545c.097-.249.14-.422.985-.747A8.938 8.938 0 0 1 13 9.979c1.116 0 2.22.195 3.272.607.834.325.877.498.986.747H8.742ZM13 2.667c.596 0 1.083.487 1.083 1.083S13.596 4.833 13 4.833a1.087 1.087 0 0 1-1.083-1.083c0-.596.487-1.083 1.083-1.083ZM13 .5a3.246 3.246 0 0 0-3.25 3.25A3.246 3.246 0 0 0 13 7a3.246 3.246 0 0 0 3.25-3.25A3.246 3.246 0 0 0 13 .5Z"
        fill="#fff"
      />
    </svg>
    <span
      class="c1 c2"
    >
      0
    </span>
     researchers identified
  </span>
  <div
    class="c3"
  >
    <svg
      fill="none"
      height="179"
      width="238"
      xmlns="http://www.w3.org/2000/svg"
    >
      <title>
        no group
      </title>
      <g
        clip-rule="evenodd"
        fill="#7A83AB"
        fill-rule="evenodd"
      >
        <path
          d="M194.727 178.026 32.455 15.754 47.754.454l162.273 162.273-15.3 15.299Z"
        />
        <path
          d="M98.022 96.62c-7.723 1.616-14.788 4.005-21.069 6.742-10.71 4.76-17.453 15.47-17.453 27.172V146.5h88.402l-19.833-19.833H80.028l.084-.219c.841-2.166 1.454-3.745 8.94-6.624 8.592-3.366 17.581-5.15 26.682-5.492L98.022 96.62Zm45.346 30.047h14.605l-.125-.29c-.914-2.13-1.591-3.705-8.9-6.553a80.115 80.115 0 0 0-16.991-4.568l-20.535-20.535a101.41 101.41 0 0 1 7.578-.284c9.379 0 18.123 1.27 26.078 3.341L178.5 131.2v15.3h-15.299l-19.833-19.833Zm65.731 19.833H238v-15.569c0-8.033-4.76-15.173-12.098-18.346a68.93 68.93 0 0 0-27.569-5.752c-3.867 0-7.536.397-11.205.992 3.966 6.743 6.247 14.478 6.247 22.709v.242l15.724 15.724Zm-15.724-.425.425.425h-.425v-.425ZM140.468 77.87a29.654 29.654 0 0 0 8.282-20.62c0-16.462-13.288-29.75-29.75-29.75a29.653 29.653 0 0 0-20.62 8.282l14.053 14.053A9.875 9.875 0 0 1 119 47.333c5.454 0 9.917 4.463 9.917 9.917a9.87 9.87 0 0 1-2.502 6.567l14.053 14.053ZM92.005 44.705A29.712 29.712 0 0 0 89.25 57.25C89.25 73.712 102.538 87 119 87c4.485 0 8.735-.987 12.545-2.755l-39.54-39.54ZM59.5 77.083c0 10.909-8.925 19.834-19.833 19.834-10.909 0-19.834-8.925-19.834-19.834 0-10.908 8.925-19.833 19.834-19.833 10.908 0 19.833 8.925 19.833 19.833Zm-19.833 29.75c3.867 0 7.536.397 11.206.992-3.967 6.743-6.248 14.478-6.248 22.709V146.5H0v-15.569c0-8.033 4.76-15.173 12.098-18.346a68.93 68.93 0 0 1 27.569-5.752Zm178.5-29.75c0 10.909-8.925 19.834-19.834 19.834-10.908 0-19.833-8.925-19.833-19.834 0-10.908 8.925-19.833 19.833-19.833 10.909 0 19.834 8.925 19.834 19.833Z"
        />
      </g>
    </svg>
    <h2
      class="c4 c5"
      color="#2B2D42"
    >
      Your search returned no results
    </h2>
    <a
      href="/"
    >
      <button
        class="c6"
      >
        <svg
          height="24"
          width="24"
          xmlns="http://www.w3.org/2000/svg"
        >
          <title>
            back
          </title>
          <defs>
            <style />
          </defs>
          <g
            id="_21.search"
          >
            <circle
              cx="9"
              cy="9"
              r="7"
              style="fill: none; stroke: white; stroke-width: 2px;"
            />
            <path
              d="m14 14 8 8"
              style="fill: none; stroke: white; stroke-width: 2px;"
            />
          </g>
        </svg>
        <span
          class="c7 c8 c9"
        >
          make a new search
        </span>
      </button>
    </a>
    <div
      class="c10"
    >
      <div
        class="c11"
      >
        <svg
          fill="none"
          height="40"
          width="40"
          xmlns="http://www.w3.org/2000/svg"
        >
          <title>
            note
          </title>
          <g>
            <path
              d="M31.667 8.333v15h-8.334v8.334h-15V8.333h23.334Zm0-3.333H8.333A3.343 3.343 0 0 0 5 8.333v23.334C5 33.5 6.5 35 8.333 35H25l10-10V8.333C35 6.5 33.5 5 31.667 5ZM20 23.333h-8.333V20H20v3.333Zm8.333-6.666H11.667v-3.334h16.666v3.334Z"
              fill="#2B2D42"
            />
          </g>
        </svg>
        <p
          class="c7 c8 c12"
        >
          <span
            class="c13"
          >
            Start from the the research call
          </span>
          <br />
           If you are working or will have to work on a research paper for a call, you might report in the search field the title or objectives of that
        </p>
      </div>
      <div
        class="c11"
      >
        <svg
          fill="white"
          height="40"
          width="40"
          xmlns="http://www.w3.org/2000/svg"
        >
          <title>
            target
          </title>
          <g>
            <path
              d="M20 13.333A6.665 6.665 0 0 0 13.333 20 6.665 6.665 0 0 0 20 26.667 6.665 6.665 0 0 0 26.666 20 6.665 6.665 0 0 0 20 13.333Zm14.9 5c-.767-6.95-6.284-12.466-13.233-13.233V1.667h-3.334V5.1c-6.95.767-12.466 6.283-13.233 13.233H1.667v3.334H5.1c.767 6.95 6.283 12.466 13.233 13.233v3.433h3.334V34.9c6.95-.767 12.466-6.283 13.233-13.233h3.433v-3.334H34.9ZM20 31.667A11.658 11.658 0 0 1 8.333 20C8.333 13.55 13.55 8.333 20 8.333S31.666 13.55 31.666 20 26.45 31.667 20 31.667Z"
              fill="#2B2D42"
            />
          </g>
        </svg>
        <p
          class="c7 c8 c12"
        >
          <span
            class="c13"
          >
            More detail for greater match
          </span>
          <br />
           Enter as much information, don't limit yourself to a single word, that way we can narrow it down and suggest the researchers best suited to your need
        </p>
      </div>
    </div>
  </div>
</section>
`;
