// Jest Snapshot v1, https://goo.gl/fbAQLP

exports[`Navbar component Navbar renders correctly 1`] = `
.c4 {
  border: 2px solid black;
  box-sizing: border-box;
  border-radius: 0.5em;
  padding: 0.625em 2em;
  width: 25em;
  font-style: normal;
  font-size: 1.125rem;
}

.c4::placeholder {
  padding-left: 1.5em;
  font-size: 1.125rem;
  background: url("data:image/svg+xml,%3Csvg height='24' width='24' xmlns='http://www.w3.org/2000/svg'%3E%3Cdefs%3E%3Cstyle%3E.cls-1%7Bfill:none;stroke:%23000;stroke-linecap:round;stroke-linejoin:round;stroke-width:2px%7D%3C/style%3E%3C/defs%3E%3Cg id='_21.search'%3E%3Ccircle class='cls-1' cx='9' cy='9' r='8'/%3E%3Cpath class='cls-1' d='m15 15 8 8'/%3E%3C/g%3E%3C/svg%3E") no-repeat 0.5em center;
}

.c3 {
  display: flex;
  flex-direction: column;
  margin-bottom: 1.5em;
}

.c3 p {
  font-size: 0.75em;
  margin-left: 0.625em;
  color: #BA1B23;
}

.c1 {
  margin: 0;
  text-transform: none;
}

.c2 {
  font-size: 24px;
  font-weight: 500;
}

.c0 {
  width: 100%;
  background-color: #F4F7F8;
  display: flex;
  flex-direction: row;
  align-items: center;
  justify-content: center;
  padding: 2em 3em;
}

.c0 a {
  color: black;
  text-decoration: none;
}

.c0 div {
  margin: 0 auto;
}

@media (max-width: 768px) {
  .c4 {
    font-size: 1em;
    width: 15em;
  }
}

@media (max-width: 768px) {
  .c0 div {
    display: none;
  }
}

<nav
  class="c0"
>
  <h3
    class="c1 c2"
  >
    <a
      href="/"
    >
      Lorem Ipsum
    </a>
  </h3>
  <div
    class="c3"
  >
    <input
      class="c4"
      placeholder=""
    />
  </div>
</nav>
`;
